host-rc-a-vpp
host-rc-b-vpp
Thread 1 (vpp_wk_0):
 node af-packet-input:
    host-rc-a-vpp queue 0 (interrupt)
    host-rc-b-vpp queue 0 (interrupt)
External UDP reached Rust and the sink; trace verified.
Captured final-iperf-classify-1000000
Captured final-iperf-classify-50000000
Captured final-iperf-classify-1000000000
Captured final-custom-classify-1000
Captured final-custom-classify-20000
Captured final-custom-classify-200000
Captured final-iperf-passthrough-1000000
Captured final-iperf-passthrough-50000000
Captured final-iperf-passthrough-1000000000
Captured final-custom-passthrough-1000
Captured final-custom-passthrough-20000
Captured final-custom-passthrough-200000
host-rc-a-vpp
host-rc-b-vpp
Thread 1 (vpp_wk_0):
 node af-packet-input:
    host-rc-a-vpp queue 0 (interrupt)
    host-rc-a-vpp queue 1 (interrupt)
    host-rc-b-vpp queue 0 (interrupt)
    host-rc-b-vpp queue 1 (interrupt)
Captured final-one-worker-two-queues
host-rc-a-vpp
host-rc-b-vpp
Thread 1 (vpp_wk_0):
 node af-packet-input:
    host-rc-a-vpp queue 0 (interrupt)
    host-rc-b-vpp queue 0 (interrupt)
Thread 2 (vpp_wk_1):
    host-rc-a-vpp queue 1 (interrupt)
    host-rc-b-vpp queue 1 (interrupt)
Captured final-two-workers-two-queues
host-rc-a-vpp
host-rc-b-vpp
Thread 1 (vpp_wk_0):
 node af-packet-input:
    host-rc-a-vpp queue 0 (interrupt)
    host-rc-b-vpp queue 0 (interrupt)
Captured final-unpinned
